Starting project at Q:\Mobile\Vonogtp
React Compiler enabled
Starting Metro Bundler
warning: Bundler cache is empty, rebuilding (this may take a minute)
Waiting on http://localhost:8081
Logs for your project will appear below.
Android node_modules\expo-router\entry.js ░░░░░░░░░░░░░░░░  0.0% (0/1)
Android node_modules\expo-router\entry.js ▓▓░░░░░░░░░░░░░░ 16.0% ( 4/10)
Android node_modules\expo-router\entry.js ▓▓▓░░░░░░░░░░░░░ 22.0% (149/318)
Android node_modules\expo-router\entry.js ▓▓▓▓▓▓▓▓▓▓░░░░░░ 67.1% (646/809)
Android node_modules\expo-router\entry.js ▓▓▓▓▓▓▓▓▓▓▓░░░░░ 74.0% ( 858/1063)
Android node_modules\expo-router\entry.js ▓▓▓▓▓▓▓▓▓▓▓▓▓▓░░ 93.4% (1378/1463)
Android node_modules\expo-router\entry.js ▓▓▓▓▓▓▓▓▓▓▓▓▓▓▓░ 94.1% (1688/1740)
Android node_modules\expo-router\entry.js ▓▓▓▓▓▓▓▓▓▓▓▓▓▓▓░ 99.9% (1854/1855)
Android node_modules\expo-router\entry.js ▓▓▓▓▓▓▓▓▓▓▓▓▓▓▓░ 99.9% (1855/1855)
Android Bundled 35697ms node_modules\expo-router\entry.js (1855 modules)
 LOG  [BOOT] Bundle mới đã load — 20260823-1625
 LOG  [session] Effect khởi tạo chạy — firebaseEnabled = undefined
Android node_modules\expo-router\entry.js ░░░░░░░░░░░░░░░░  0.0% (0/1)
Android Bundled 244ms node_modules\expo-router\entry.js (1 module)
 LOG  [BOOT] Bundle mới đã load — 20260823-1625
 LOG  [session] Effect khởi tạo chạy — firebaseEnabled = undefined
Android node_modules\expo-router\entry.js ░░░░░░░░░░░░░░░░  0.0% (0/1)
Android node_modules\expo-router\entry.js ▓▓▓▓▓▓▓▓░░░░░░░░ 53.5% ( 763/1043)
Android node_modules\expo-router\entry.js ▓▓▓▓▓▓▓▓▓▓▓▓▓░░░ 81.6% (1356/1501)
Android node_modules\expo-router\entry.js ▓▓▓▓▓▓▓▓▓▓▓▓▓▓▓░ 96.4% (1734/1766)
Android Bundled 13883ms node_modules\expo-router\entry.js (1866 modules)
 LOG  [BOOT] Bundle mới đã load — 20260823-1625
 LOG  [session] Effect khởi tạo chạy — firebaseEnabled = undefined
 LOG  [BOOT] Bundle mới đã load — 20260823-1625
 ERROR  [ReferenceError: Property 'firebaseEnabled' doesn't exist] 

Call Stack
  AppProvider (context\app-context.tsx)
  callComponent.reactStackBottomFrame (node_modules\react-native\Libraries\Renderer\implementations\ReactFabric-dev.js)
  renderWithHooks (node_modules\react-native\Libraries\Renderer\implementations\ReactFabric-dev.js)
  updateFunctionComponent (node_modules\react-native\Libraries\Renderer\implementations\ReactFabric-dev.js)
  beginWork (node_modules\react-native\Libraries\Renderer\implementations\ReactFabric-dev.js)
  runWithFiberInDEV (node_modules\react-native\Libraries\Renderer\implementations\ReactFabric-dev.js)
  performUnitOfWork (node_modules\react-native\Libraries\Renderer\implementations\ReactFabric-dev.js)
  workLoopSync (node_modules\react-native\Libraries\Renderer\implementations\ReactFabric-dev.js)
  renderRootSync (node_modules\react-native\Libraries\Renderer\implementations\ReactFabric-dev.js)
  performWorkOnRoot (node_modules\react-native\Libraries\Renderer\implementations\ReactFabric-dev.js)
  performSyncWorkOnRoot (node_modules\react-native\Libraries\Renderer\implementations\ReactFabric-dev.js)
  flushSyncWorkAcrossRoots_impl (node_modules\react-native\Libraries\Renderer\implementations\ReactFabric-dev.js)
  flushSyncWork (node_modules\react-native\Libraries\Renderer\implementations\ReactFabric-dev.js)
  scheduleRefresh (node_modules\react-native\Libraries\Renderer\implementations\ReactFabric-dev.js)
  apply (<native>)
  renderer.scheduleRefresh (node_modules\react-devtools-core\dist\backend.js)
  mountedRootsSnapshot.forEach$argument_0 (node_modules\react-refresh\cjs\react-refresh-runtime.development.js)
  forEach (<native>)
  performReactRefresh (node_modules\react-refresh\cjs\react-refresh-runtime.development.js)
  Refresh.performReactRefresh (node_modules\react-native\Libraries\Core\setUpReactRefresh.js)
  setTimeout$argument_0 (node_modules\expo\node_modules\@expo\cli\build\metro-require\require.js) 

Call Stack
  RootLayout (app\_layout.tsx)
  BaseRoute (node_modules\expo-router\build\useScreens.js)
  SceneView (node_modules\@react-navigation\core\lib\module\SceneView.js)
  render (node_modules\@react-navigation\core\lib\module\useDescriptors.js)
  routes.reduce$argument_0 (node_modules\@react-navigation\core\lib\module\useDescriptors.js)
  reduce (<native>)
  useDescriptors (node_modules\@react-navigation\core\lib\module\useDescriptors.js)
  useNavigationBuilder (node_modules\@react-navigation\core\lib\module\useNavigationBuilder.js)
  Content (node_modules\expo-router\build\ExpoRoot.js)
  ContextNavigator (node_modules\expo-router\build\ExpoRoot.js)
  ExpoRoot (node_modules\expo-router\build\ExpoRoot.js)
  App (node_modules\expo-router\build\qualified-entry.js)
  WithDevTools (node_modules\expo\src\launch\withDevTools.tsx)
 LOG  [BOOT] Bundle mới đã load — 20260823-1625
 LOG  [session] Effect khởi tạo chạy — firebaseEnabled = true
 LOG  [ensureSessionSignIn] Hàm được gọi
 LOG  [ensureSessionSignIn] signInAnonymously hoàn tất — currentUser sau đó: 8QAI26cyD6Y53g0UliN78Ckr85f1
Android node_modules\expo-router\entry.js ░░░░░░░░░░░░░░░░  0.0% (0/1)
Android Bundled 79ms node_modules\expo-router\entry.js (1 module)
 LOG  [BOOT] Bundle mới đã load — 20260823-1625
 LOG  [session] Effect khởi tạo chạy — firebaseEnabled = true
 LOG  [ensureSessionSignIn] Hàm được gọi
 LOG  [ensureSessionSignIn] signInAnonymously hoàn tất — currentUser sau đó: 8QAI26cyD6Y53g0UliN78Ckr85f1
 WARN  Lưu tin thất bại: [FirebaseError: Function addDoc() called with invalid data. Unsupported field value: undefined (found in field contact.email in document listings/mDZB2sJJnXY8lYOWc34y)]
Android node_modules\expo-router\entry.js ░░░░░░░░░░░░░░░░  0.0% (0/1)
Android Bundled 82ms node_modules\expo-router\entry.js (1 module)
 LOG  [BOOT] Bundle mới đã load — 20260823-1625
 LOG  [session] Effect khởi tạo chạy — firebaseEnabled = true
 LOG  [ensureSessionSignIn] Hàm được gọi
 LOG  [ensureSessionSignIn] signInAnonymously hoàn tất — currentUser sau đó: m7hzCefO5sSHJYhlMLLZQRdcH8X2
 ERROR  [Error: Uncaught (in promise, id: 0) FirebaseError: Missing or insufficient permissions.] Uncaught (in promise, id: 0) FirebaseError: Missing or insufficient permissions.
 WARN  Firestore conversations error: [FirebaseError: The query requires an index. You can create it here: https://console.firebase.google.com/v1/r/project/vono-app-1b443/firestore/indexes?create_composite=ClRwcm9qZWN0cy92b25vLWFwcC0xYjQ0My9kYXRhYmFzZXMvKGRlZmF1bHQpL2NvbGxlY3Rpb25Hcm91cHMvY29udmVyc2F0aW9ucy9pbmRleGVzL18QARoQCgxwYXJ0aWNpcGFudHMYARoZChVsYXN0TWVzc2FnZS5jcmVhdGVkQXQQAhoMCghfX25hbWVfXxAC]
Android node_modules\expo-router\entry.js ░░░░░░░░░░░░░░░░  0.0% (0/1)
Android Bundled 170ms node_modules\expo-router\entry.js (1 module)
 LOG  [BOOT] Bundle mới đã load — 20260823-1625
 LOG  [session] Effect khởi tạo chạy — firebaseEnabled = true
 LOG  [ensureSessionSignIn] Hàm được gọi
 LOG  [ensureSessionSignIn] signInAnonymously hoàn tất — currentUser sau đó: gB8QNilQpoeqqAcQbep4DZAaMtZ2
 ERROR  [Error: Uncaught (in promise, id: 0) FirebaseError: Missing or insufficient permissions.] Uncaught (in promise, id: 0) FirebaseError: Missing or insufficient permissions.
Android node_modules\expo-router\entry.js ░░░░░░░░░░░░░░░░  0.0% (0/1)
Android Bundled 342ms node_modules\expo-router\entry.js (1 module)
 LOG  [BOOT] Bundle mới đã load — 20260823-1625
 LOG  [session] Effect khởi tạo chạy — firebaseEnabled = true
 LOG  [ensureSessionSignIn] Hàm được gọi
 LOG  [ensureSessionSignIn] signInAnonymously hoàn tất — currentUser sau đó: gB8QNilQpoeqqAcQbep4DZAaMtZ2
Android node_modules\expo-router\entry.js ░░░░░░░░░░░░░░░░  0.0% (0/1)
Android Bundled 195ms node_modules\expo-router\entry.js (1 module)
 LOG  [BOOT] Bundle mới đã load — 20260823-1625
 LOG  [session] Effect khởi tạo chạy — firebaseEnabled = true
 LOG  [ensureSessionSignIn] Hàm được gọi
 LOG  [ensureSessionSignIn] signInAnonymously hoàn tất — currentUser sau đó: gB8QNilQpoeqqAcQbep4DZAaMtZ2
Android node_modules\expo-router\entry.js ░░░░░░░░░░░░░░░░  0.0% (0/1)
Android Bundled 139ms node_modules\expo-router\entry.js (1 module)
 LOG  [BOOT] Bundle mới đã load — 20260823-1625
 LOG  [session] Effect khởi tạo chạy — firebaseEnabled = true
 LOG  [ensureSessionSignIn] Hàm được gọi
 LOG  [ensureSessionSignIn] signInAnonymously hoàn tất — currentUser sau đó: gB8QNilQpoeqqAcQbep4DZAaMtZ2
